../Drivers/STM32H5xx_HAL_Driver/Src/stm32h5xx_hal_flash_ex.c:945:13:FLASH_MassErase	0	static
../Drivers/STM32H5xx_HAL_Driver/Src/stm32h5xx_hal_flash_ex.c:335:19:HAL_FLASHEx_OBProgram	24	static
../Drivers/STM32H5xx_HAL_Driver/Src/stm32h5xx_hal_flash_ex.c:445:6:HAL_FLASHEx_OBGetConfig	0	static
../Drivers/STM32H5xx_HAL_Driver/Src/stm32h5xx_hal_flash_ex.c:498:19:HAL_FLASHEx_OBK_Unlock	0	static
../Drivers/STM32H5xx_HAL_Driver/Src/stm32h5xx_hal_flash_ex.c:537:19:HAL_FLASHEx_OBK_Lock	0	static
../Drivers/STM32H5xx_HAL_Driver/Src/stm32h5xx_hal_flash_ex.c:571:19:HAL_FLASHEx_OBK_Swap	8	static
../Drivers/STM32H5xx_HAL_Driver/Src/stm32h5xx_hal_flash_ex.c:603:19:HAL_FLASHEx_OBK_Swap_IT	8	static
../Drivers/STM32H5xx_HAL_Driver/Src/stm32h5xx_hal_flash_ex.c:637:6:HAL_FLASHEx_GetOperation	0	static
../Drivers/STM32H5xx_HAL_Driver/Src/stm32h5xx_hal_flash_ex.c:678:19:HAL_FLASHEx_ConfigBBAttributes	8	static,ignoring_inline_asm
../Drivers/STM32H5xx_HAL_Driver/Src/stm32h5xx_hal_flash_ex.c:752:6:HAL_FLASHEx_GetConfigBBAttributes	0	static
../Drivers/STM32H5xx_HAL_Driver/Src/stm32h5xx_hal_flash_ex.c:807:6:HAL_FLASHEx_ConfigPrivMode	0	static
../Drivers/STM32H5xx_HAL_Driver/Src/stm32h5xx_hal_flash_ex.c:828:10:HAL_FLASHEx_GetPrivMode	0	static
../Drivers/STM32H5xx_HAL_Driver/Src/stm32h5xx_hal_flash_ex.c:899:19:HAL_FLASHEx_ConfigHDPExtension	0	static
../Drivers/STM32H5xx_HAL_Driver/Src/stm32h5xx_hal_flash_ex.c:992:6:FLASH_Erase_Sector	0	static
../Drivers/STM32H5xx_HAL_Driver/Src/stm32h5xx_hal_flash_ex.c:168:19:HAL_FLASHEx_Erase	24	static
../Drivers/STM32H5xx_HAL_Driver/Src/stm32h5xx_hal_flash_ex.c:256:19:HAL_FLASHEx_Erase_IT	16	static
../Drivers/STM32H5xx_HAL_Driver/Src/stm32h5xx_hal_flash_ex.c:1871:6:HAL_FLASHEx_EnableEccCorrectionInterrupt	0	static
../Drivers/STM32H5xx_HAL_Driver/Src/stm32h5xx_hal_flash_ex.c:1881:6:HAL_FLASHEx_DisableEccCorrectionInterrupt	0	static
../Drivers/STM32H5xx_HAL_Driver/Src/stm32h5xx_hal_flash_ex.c:1894:6:HAL_FLASHEx_GetEccInfo	12	static
../Drivers/STM32H5xx_HAL_Driver/Src/stm32h5xx_hal_flash_ex.c:2014:13:HAL_FLASHEx_EccCorrectionCallback	0	static
../Drivers/STM32H5xx_HAL_Driver/Src/stm32h5xx_hal_flash_ex.c:2025:13:HAL_FLASHEx_EccDetectionCallback	0	static
../Drivers/STM32H5xx_HAL_Driver/Src/stm32h5xx_hal_flash_ex.c:1995:6:HAL_FLASHEx_ECCD_IRQHandler	8	static
