../Drivers/STM32H5xx_HAL_Driver/Src/stm32h5xx_hal_rcc_ex.c:6127:26:RCCEx_PLL2_Config	16	static
../Drivers/STM32H5xx_HAL_Driver/Src/stm32h5xx_hal_rcc_ex.c:6209:26:RCCEx_PLL3_Config	16	static
../Drivers/STM32H5xx_HAL_Driver/Src/stm32h5xx_hal_rcc_ex.c:6039:26:RCCEx_PLLSource_Enable	16	static
../Drivers/STM32H5xx_HAL_Driver/Src/stm32h5xx_hal_rcc_ex.c:155:19:HAL_RCCEx_PeriphCLKConfig	32	static
../Drivers/STM32H5xx_HAL_Driver/Src/stm32h5xx_hal_rcc_ex.c:2455:6:HAL_RCCEx_GetPeriphCLKConfig	0	static
../Drivers/STM32H5xx_HAL_Driver/Src/stm32h5xx_hal_rcc_ex.c:2779:6:HAL_RCCEx_GetPLL1ClockFreq	20	static
../Drivers/STM32H5xx_HAL_Driver/Src/stm32h5xx_hal_rcc_ex.c:2916:6:HAL_RCCEx_GetPLL2ClockFreq	20	static
../Drivers/STM32H5xx_HAL_Driver/Src/stm32h5xx_hal_rcc_ex.c:3050:6:HAL_RCCEx_GetPLL3ClockFreq	20	static
../Drivers/STM32H5xx_HAL_Driver/Src/stm32h5xx_hal_rcc_ex.c:3226:10:HAL_RCCEx_GetPeriphCLKFreq	32	static
../Drivers/STM32H5xx_HAL_Driver/Src/stm32h5xx_hal_rcc_ex.c:5288:19:HAL_RCCEx_EnablePLL2	16	static
../Drivers/STM32H5xx_HAL_Driver/Src/stm32h5xx_hal_rcc_ex.c:5376:19:HAL_RCCEx_DisablePLL2	16	static
../Drivers/STM32H5xx_HAL_Driver/Src/stm32h5xx_hal_rcc_ex.c:5412:19:HAL_RCCEx_EnablePLL3	16	static
../Drivers/STM32H5xx_HAL_Driver/Src/stm32h5xx_hal_rcc_ex.c:5501:19:HAL_RCCEx_DisablePLL3	16	static
../Drivers/STM32H5xx_HAL_Driver/Src/stm32h5xx_hal_rcc_ex.c:5540:6:HAL_RCCEx_WakeUpStopCLKConfig	0	static
../Drivers/STM32H5xx_HAL_Driver/Src/stm32h5xx_hal_rcc_ex.c:5555:6:HAL_RCCEx_KerWakeUpStopCLKConfig	0	static
../Drivers/STM32H5xx_HAL_Driver/Src/stm32h5xx_hal_rcc_ex.c:5569:6:HAL_RCCEx_EnableLSECSS	0	static
../Drivers/STM32H5xx_HAL_Driver/Src/stm32h5xx_hal_rcc_ex.c:5579:6:HAL_RCCEx_DisableLSECSS	0	static
../Drivers/STM32H5xx_HAL_Driver/Src/stm32h5xx_hal_rcc_ex.c:5601:13:HAL_RCCEx_LSECSS_Callback	0	static
../Drivers/STM32H5xx_HAL_Driver/Src/stm32h5xx_hal_rcc_ex.c:5588:6:HAL_RCCEx_LSECSS_IRQHandler	8	static
../Drivers/STM32H5xx_HAL_Driver/Src/stm32h5xx_hal_rcc_ex.c:5616:6:HAL_RCCEx_EnableLSCO	8	static
../Drivers/STM32H5xx_HAL_Driver/Src/stm32h5xx_hal_rcc_ex.c:5642:6:HAL_RCCEx_DisableLSCO	8	static
../Drivers/STM32H5xx_HAL_Driver/Src/stm32h5xx_hal_rcc_ex.c:5739:6:HAL_RCCEx_CRSConfig	0	static
../Drivers/STM32H5xx_HAL_Driver/Src/stm32h5xx_hal_rcc_ex.c:5781:6:HAL_RCCEx_CRSSoftwareSynchronizationGenerate	0	static
../Drivers/STM32H5xx_HAL_Driver/Src/stm32h5xx_hal_rcc_ex.c:5791:6:HAL_RCCEx_CRSGetSynchronizationInfo	0	static
../Drivers/STM32H5xx_HAL_Driver/Src/stm32h5xx_hal_rcc_ex.c:5824:10:HAL_RCCEx_CRSWaitSynchronization	24	static
../Drivers/STM32H5xx_HAL_Driver/Src/stm32h5xx_hal_rcc_ex.c:5972:13:HAL_RCCEx_CRS_SyncOkCallback	0	static
../Drivers/STM32H5xx_HAL_Driver/Src/stm32h5xx_hal_rcc_ex.c:5983:13:HAL_RCCEx_CRS_SyncWarnCallback	0	static
../Drivers/STM32H5xx_HAL_Driver/Src/stm32h5xx_hal_rcc_ex.c:5994:13:HAL_RCCEx_CRS_ExpectedSyncCallback	0	static
../Drivers/STM32H5xx_HAL_Driver/Src/stm32h5xx_hal_rcc_ex.c:6010:13:HAL_RCCEx_CRS_ErrorCallback	0	static
../Drivers/STM32H5xx_HAL_Driver/Src/stm32h5xx_hal_rcc_ex.c:5907:6:HAL_RCCEx_CRS_IRQHandler	8	static
