../Drivers/STM32H5xx_HAL_Driver/Src/stm32h5xx_hal_uart.c:3739:13:UART_EndTxTransfer	0	static,ignoring_inline_asm
../Drivers/STM32H5xx_HAL_Driver/Src/stm32h5xx_hal_uart.c:3756:13:UART_EndRxTransfer	8	static,ignoring_inline_asm
../Drivers/STM32H5xx_HAL_Driver/Src/stm32h5xx_hal_uart.c:4196:13:UART_TxISR_8BIT.part.0	0	static,ignoring_inline_asm
../Drivers/STM32H5xx_HAL_Driver/Src/stm32h5xx_hal_uart.c:4196:13:UART_TxISR_8BIT	0	static
../Drivers/STM32H5xx_HAL_Driver/Src/stm32h5xx_hal_uart.c:4225:13:UART_TxISR_16BIT	0	static
../Drivers/STM32H5xx_HAL_Driver/Src/stm32h5xx_hal_uart.c:4257:13:UART_TxISR_8BIT_FIFOEN	8	static,ignoring_inline_asm
../Drivers/STM32H5xx_HAL_Driver/Src/stm32h5xx_hal_uart.c:4297:13:UART_TxISR_16BIT_FIFOEN	8	static,ignoring_inline_asm
../Drivers/STM32H5xx_HAL_Driver/Src/stm32h5xx_hal_uart.c:681:13:HAL_UART_MspInit	0	static
../Drivers/STM32H5xx_HAL_Driver/Src/stm32h5xx_hal_uart.c:696:13:HAL_UART_MspDeInit	0	static
../Drivers/STM32H5xx_HAL_Driver/Src/stm32h5xx_hal_uart.c:634:19:HAL_UART_DeInit	16	static
../Drivers/STM32H5xx_HAL_Driver/Src/stm32h5xx_hal_uart.c:1313:19:HAL_UART_Transmit_IT	8	static,ignoring_inline_asm
../Drivers/STM32H5xx_HAL_Driver/Src/stm32h5xx_hal_uart.c:1439:19:HAL_UART_Transmit_DMA	16	static,ignoring_inline_asm
../Drivers/STM32H5xx_HAL_Driver/Src/stm32h5xx_hal_uart.c:1591:19:HAL_UART_DMAPause	16	static,ignoring_inline_asm
../Drivers/STM32H5xx_HAL_Driver/Src/stm32h5xx_hal_uart.c:1653:19:HAL_UART_DMAResume	8	static,ignoring_inline_asm
../Drivers/STM32H5xx_HAL_Driver/Src/stm32h5xx_hal_uart.c:1702:19:HAL_UART_DMAStop	16	static,ignoring_inline_asm
../Drivers/STM32H5xx_HAL_Driver/Src/stm32h5xx_hal_uart.c:1778:19:HAL_UART_Abort	8	static,ignoring_inline_asm
../Drivers/STM32H5xx_HAL_Driver/Src/stm32h5xx_hal_uart.c:1887:19:HAL_UART_AbortTransmit	8	static,ignoring_inline_asm
../Drivers/STM32H5xx_HAL_Driver/Src/stm32h5xx_hal_uart.c:1950:19:HAL_UART_AbortReceive	8	static,ignoring_inline_asm
../Drivers/STM32H5xx_HAL_Driver/Src/stm32h5xx_hal_uart.c:2735:13:HAL_UART_TxCpltCallback	0	static
../Drivers/STM32H5xx_HAL_Driver/Src/stm32h5xx_hal_uart.c:3783:13:UART_DMATransmitCplt	8	static,ignoring_inline_asm
../Drivers/STM32H5xx_HAL_Driver/Src/stm32h5xx_hal_uart.c:2750:13:HAL_UART_TxHalfCpltCallback	0	static
../Drivers/STM32H5xx_HAL_Driver/Src/stm32h5xx_hal_uart.c:3819:13:UART_DMATxHalfCplt	8	static
../Drivers/STM32H5xx_HAL_Driver/Src/stm32h5xx_hal_uart.c:2765:13:HAL_UART_RxCpltCallback	0	static
../Drivers/STM32H5xx_HAL_Driver/Src/stm32h5xx_hal_uart.c:2780:13:HAL_UART_RxHalfCpltCallback	0	static
../Drivers/STM32H5xx_HAL_Driver/Src/stm32h5xx_hal_uart.c:2795:13:HAL_UART_ErrorCallback	0	static
../Drivers/STM32H5xx_HAL_Driver/Src/stm32h5xx_hal_uart.c:3960:13:UART_DMAError	16	static
../Drivers/STM32H5xx_HAL_Driver/Src/stm32h5xx_hal_uart.c:4000:13:UART_DMAAbortOnError	8	static
../Drivers/STM32H5xx_HAL_Driver/Src/stm32h5xx_hal_uart.c:2810:13:HAL_UART_AbortCpltCallback	0	static
../Drivers/STM32H5xx_HAL_Driver/Src/stm32h5xx_hal_uart.c:2022:19:HAL_UART_Abort_IT	16	static,ignoring_inline_asm
../Drivers/STM32H5xx_HAL_Driver/Src/stm32h5xx_hal_uart.c:4077:13:UART_DMARxAbortCallback	8	static
../Drivers/STM32H5xx_HAL_Driver/Src/stm32h5xx_hal_uart.c:4022:13:UART_DMATxAbortCallback	8	static
../Drivers/STM32H5xx_HAL_Driver/Src/stm32h5xx_hal_uart.c:2825:13:HAL_UART_AbortTransmitCpltCallback	0	static
../Drivers/STM32H5xx_HAL_Driver/Src/stm32h5xx_hal_uart.c:2181:19:HAL_UART_AbortTransmit_IT	8	static,ignoring_inline_asm
../Drivers/STM32H5xx_HAL_Driver/Src/stm32h5xx_hal_uart.c:4129:13:UART_DMATxOnlyAbortCallback	8	static
../Drivers/STM32H5xx_HAL_Driver/Src/stm32h5xx_hal_uart.c:2840:13:HAL_UART_AbortReceiveCpltCallback	0	static
../Drivers/STM32H5xx_HAL_Driver/Src/stm32h5xx_hal_uart.c:2276:19:HAL_UART_AbortReceive_IT	8	static,ignoring_inline_asm
../Drivers/STM32H5xx_HAL_Driver/Src/stm32h5xx_hal_uart.c:4162:13:UART_DMARxOnlyAbortCallback	8	static
../Drivers/STM32H5xx_HAL_Driver/Src/stm32h5xx_hal_uart.c:2857:13:HAL_UARTEx_RxEventCallback	0	static
../Drivers/STM32H5xx_HAL_Driver/Src/stm32h5xx_hal_uart.c:2373:6:HAL_UART_IRQHandler	24	static,ignoring_inline_asm
../Drivers/STM32H5xx_HAL_Driver/Src/stm32h5xx_hal_uart.c:4363:13:UART_RxISR_8BIT	8	static,ignoring_inline_asm
../Drivers/STM32H5xx_HAL_Driver/Src/stm32h5xx_hal_uart.c:4454:13:UART_RxISR_16BIT	8	static,ignoring_inline_asm
../Drivers/STM32H5xx_HAL_Driver/Src/stm32h5xx_hal_uart.c:4547:13:UART_RxISR_8BIT_FIFOEN	32	static,ignoring_inline_asm
../Drivers/STM32H5xx_HAL_Driver/Src/stm32h5xx_hal_uart.c:4710:13:UART_RxISR_16BIT_FIFOEN	32	static,ignoring_inline_asm
../Drivers/STM32H5xx_HAL_Driver/Src/stm32h5xx_hal_uart.c:3912:13:UART_DMARxHalfCplt	8	static
../Drivers/STM32H5xx_HAL_Driver/Src/stm32h5xx_hal_uart.c:3837:13:UART_DMAReceiveCplt	8	static,ignoring_inline_asm
../Drivers/STM32H5xx_HAL_Driver/Src/stm32h5xx_hal_uart.c:2905:6:HAL_UART_ReceiverTimeout_Config	0	static
../Drivers/STM32H5xx_HAL_Driver/Src/stm32h5xx_hal_uart.c:2920:19:HAL_UART_EnableReceiverTimeout	0	static
../Drivers/STM32H5xx_HAL_Driver/Src/stm32h5xx_hal_uart.c:2958:19:HAL_UART_DisableReceiverTimeout	0	static
../Drivers/STM32H5xx_HAL_Driver/Src/stm32h5xx_hal_uart.c:3036:6:HAL_MultiProcessor_EnterMuteMode	0	static
../Drivers/STM32H5xx_HAL_Driver/Src/stm32h5xx_hal_uart.c:3046:19:HAL_HalfDuplex_EnableTransmitter	8	static,ignoring_inline_asm
../Drivers/STM32H5xx_HAL_Driver/Src/stm32h5xx_hal_uart.c:3069:19:HAL_HalfDuplex_EnableReceiver	8	static,ignoring_inline_asm
../Drivers/STM32H5xx_HAL_Driver/Src/stm32h5xx_hal_uart.c:3093:19:HAL_LIN_SendBreak	0	static
../Drivers/STM32H5xx_HAL_Driver/Src/stm32h5xx_hal_uart.c:3138:23:HAL_UART_GetState	0	static
../Drivers/STM32H5xx_HAL_Driver/Src/stm32h5xx_hal_uart.c:3154:10:HAL_UART_GetError	0	static
../Drivers/STM32H5xx_HAL_Driver/Src/stm32h5xx_hal_uart.c:3200:19:UART_SetConfig	24	static
../Drivers/STM32H5xx_HAL_Driver/Src/stm32h5xx_hal_uart.c:3357:6:UART_AdvFeatureConfig	8	static
../Drivers/STM32H5xx_HAL_Driver/Src/stm32h5xx_hal_uart.c:3502:19:UART_WaitOnFlagUntilTimeout	32	static
../Drivers/STM32H5xx_HAL_Driver/Src/stm32h5xx_hal_uart.c:1123:19:HAL_UART_Transmit	40	static
../Drivers/STM32H5xx_HAL_Driver/Src/stm32h5xx_hal_uart.c:1221:19:HAL_UART_Receive	40	static
../Drivers/STM32H5xx_HAL_Driver/Src/stm32h5xx_hal_uart.c:3433:19:UART_CheckIdleState	24	static,ignoring_inline_asm
../Drivers/STM32H5xx_HAL_Driver/Src/stm32h5xx_hal_uart.c:309:19:HAL_UART_Init	8	static
../Drivers/STM32H5xx_HAL_Driver/Src/stm32h5xx_hal_uart.c:384:19:HAL_HalfDuplex_Init	8	static
../Drivers/STM32H5xx_HAL_Driver/Src/stm32h5xx_hal_uart.c:459:19:HAL_LIN_Init	16	static
../Drivers/STM32H5xx_HAL_Driver/Src/stm32h5xx_hal_uart.c:558:19:HAL_MultiProcessor_Init	16	static
../Drivers/STM32H5xx_HAL_Driver/Src/stm32h5xx_hal_uart.c:2996:19:HAL_MultiProcessor_EnableMuteMode	0	static,ignoring_inline_asm
../Drivers/STM32H5xx_HAL_Driver/Src/stm32h5xx_hal_uart.c:3016:19:HAL_MultiProcessor_DisableMuteMode	0	static,ignoring_inline_asm
../Drivers/STM32H5xx_HAL_Driver/Src/stm32h5xx_hal_uart.c:3570:19:UART_Start_Receive_IT	12	static,ignoring_inline_asm
../Drivers/STM32H5xx_HAL_Driver/Src/stm32h5xx_hal_uart.c:1389:19:HAL_UART_Receive_IT	16	static,ignoring_inline_asm
../Drivers/STM32H5xx_HAL_Driver/Src/stm32h5xx_hal_uart.c:3643:19:UART_Start_Receive_DMA	16	static,ignoring_inline_asm
../Drivers/STM32H5xx_HAL_Driver/Src/stm32h5xx_hal_uart.c:1555:19:HAL_UART_Receive_DMA	8	static,ignoring_inline_asm
