../Drivers/BSP/STM32H5xx_Nucleo/stm32h5xx_nucleo.c:142:9:BSP_GetVersion	0	static
../Drivers/BSP/STM32H5xx_Nucleo/stm32h5xx_nucleo.c:151:16:BSP_GetBoardName	0	static
../Drivers/BSP/STM32H5xx_Nucleo/stm32h5xx_nucleo.c:160:16:BSP_GetBoardID	0	static
../Drivers/BSP/STM32H5xx_Nucleo/stm32h5xx_nucleo.c:175:9:BSP_LED_Init	40	static
../Drivers/BSP/STM32H5xx_Nucleo/stm32h5xx_nucleo.c:229:9:BSP_LED_DeInit	8	static
../Drivers/BSP/STM32H5xx_Nucleo/stm32h5xx_nucleo.c:263:9:BSP_LED_On	8	static
../Drivers/BSP/STM32H5xx_Nucleo/stm32h5xx_nucleo.c:292:9:BSP_LED_Off	8	static
../Drivers/BSP/STM32H5xx_Nucleo/stm32h5xx_nucleo.c:321:9:BSP_LED_Toggle	8	static
../Drivers/BSP/STM32H5xx_Nucleo/stm32h5xx_nucleo.c:350:9:BSP_LED_GetState	8	static
../Drivers/BSP/STM32H5xx_Nucleo/stm32h5xx_nucleo.c:381:9:BSP_PB_Init	40	static
../Drivers/BSP/STM32H5xx_Nucleo/stm32h5xx_nucleo.c:426:9:BSP_PB_DeInit	8	static
../Drivers/BSP/STM32H5xx_Nucleo/stm32h5xx_nucleo.c:444:9:BSP_PB_GetState	8	static
../Drivers/BSP/STM32H5xx_Nucleo/stm32h5xx_nucleo.c:454:6:BSP_PB_IRQHandler	0	static
../Drivers/BSP/STM32H5xx_Nucleo/stm32h5xx_nucleo.c:464:13:BSP_PB_Callback	0	static
../Drivers/BSP/STM32H5xx_Nucleo/stm32h5xx_nucleo.c:697:13:BUTTON_USER_EXTI_Callback	8	static
../Drivers/BSP/STM32H5xx_Nucleo/stm32h5xx_nucleo.c:520:9:BSP_COM_DeInit	8	static
../Drivers/BSP/STM32H5xx_Nucleo/stm32h5xx_nucleo.c:553:26:MX_USART_Init	0	static
../Drivers/BSP/STM32H5xx_Nucleo/stm32h5xx_nucleo.c:482:9:BSP_COM_Init	48	static
../Drivers/BSP/STM32H5xx_Nucleo/stm32h5xx_nucleo.c:651:9:BSP_COM_SelectLogPort	0	static
../Drivers/BSP/STM32H5xx_Nucleo/stm32h5xx_nucleo.c:678:1:__io_putchar	24	static
